[2025-11-26T18:06:51.071+0100][gc,init] CardTable entry size: 512
[2025-11-26T18:06:51.071+0100][gc     ] Using G1
[2025-11-26T18:06:51.076+0100][gc,init] Version: 21.0.9+10 (release)
[2025-11-26T18:06:51.076+0100][gc,init] CPUs: 20 total, 20 available
[2025-11-26T18:06:51.076+0100][gc,init] Memory: 31706M
[2025-11-26T18:06:51.076+0100][gc,init] Large Page Support: Disabled
[2025-11-26T18:06:51.076+0100][gc,init] NUMA Support: Disabled
[2025-11-26T18:06:51.076+0100][gc,init] Compressed Oops: Enabled (32-bit)
[2025-11-26T18:06:51.076+0100][gc,init] Heap Region Size: 1M
[2025-11-26T18:06:51.076+0100][gc,init] Heap Min Capacity: 1G
[2025-11-26T18:06:51.076+0100][gc,init] Heap Initial Capacity: 1G
[2025-11-26T18:06:51.076+0100][gc,init] Heap Max Capacity: 1G
[2025-11-26T18:06:51.076+0100][gc,init] Pre-touch: Disabled
[2025-11-26T18:06:51.076+0100][gc,init] Parallel Workers: 15
[2025-11-26T18:06:51.076+0100][gc,init] Concurrent Workers: 4
[2025-11-26T18:06:51.076+0100][gc,init] Concurrent Refinement Workers: 15
[2025-11-26T18:06:51.076+0100][gc,init] Periodic GC: Disabled
[2025-11-26T18:06:51.084+0100][gc,metaspace] CDS archive(s) mapped at: [0x00007fc6db000000-0x00007fc6dbca0000-0x00007fc6dbca0000), size 13238272, SharedBaseAddress: 0x00007fc6db000000, ArchiveRelocationMode: 1.
[2025-11-26T18:06:51.084+0100][gc,metaspace] Compressed class space mapped at: 0x00007fc6dc000000-0x00007fc71c000000, reserved size: 1073741824
[2025-11-26T18:06:51.084+0100][gc,metaspace] Narrow klass base: 0x00007fc6db000000, Narrow klass shift: 0, Narrow klass range: 0x100000000
[2025-11-26T18:06:51.652+0100][gc,start    ] GC(0) Pause Young (Normal) (G1 Evacuation Pause)
[2025-11-26T18:06:51.654+0100][gc,task     ] GC(0) Using 15 workers of 15 for evacuation
[2025-11-26T18:06:51.659+0100][gc,phases   ] GC(0)   Pre Evacuate Collection Set: 0,21ms
[2025-11-26T18:06:51.659+0100][gc,phases   ] GC(0)   Merge Heap Roots: 0,05ms
[2025-11-26T18:06:51.659+0100][gc,phases   ] GC(0)   Evacuate Collection Set: 3,99ms
[2025-11-26T18:06:51.659+0100][gc,phases   ] GC(0)   Post Evacuate Collection Set: 0,94ms
[2025-11-26T18:06:51.659+0100][gc,phases   ] GC(0)   Other: 1,43ms
[2025-11-26T18:06:51.659+0100][gc,heap     ] GC(0) Eden regions: 51->0(44)
[2025-11-26T18:06:51.659+0100][gc,heap     ] GC(0) Survivor regions: 0->7(7)
[2025-11-26T18:06:51.659+0100][gc,heap     ] GC(0) Old regions: 2->3
[2025-11-26T18:06:51.659+0100][gc,heap     ] GC(0) Humongous regions: 0->0
[2025-11-26T18:06:51.659+0100][gc,metaspace] GC(0) Metaspace: 17214K(17408K)->17214K(17408K) NonClass: 15205K(15296K)->15205K(15296K) Class: 2008K(2112K)->2008K(2112K)
[2025-11-26T18:06:51.659+0100][gc          ] GC(0) Pause Young (Normal) (G1 Evacuation Pause) 52M->8M(1024M) 6,864ms
[2025-11-26T18:06:51.659+0100][gc,cpu      ] GC(0) User=0,04s Sys=0,02s Real=0,01s
[2025-11-26T18:06:51.778+0100][gc,start    ] GC(1) Pause Young (Concurrent Start) (Metadata GC Threshold)
[2025-11-26T18:06:51.778+0100][gc,task     ] GC(1) Using 15 workers of 15 for evacuation
[2025-11-26T18:06:51.781+0100][gc,phases   ] GC(1)   Pre Evacuate Collection Set: 0,17ms
[2025-11-26T18:06:51.781+0100][gc,phases   ] GC(1)   Merge Heap Roots: 0,03ms
[2025-11-26T18:06:51.781+0100][gc,phases   ] GC(1)   Evacuate Collection Set: 2,88ms
[2025-11-26T18:06:51.781+0100][gc,phases   ] GC(1)   Post Evacuate Collection Set: 0,30ms
[2025-11-26T18:06:51.781+0100][gc,phases   ] GC(1)   Other: 0,05ms
[2025-11-26T18:06:51.781+0100][gc,heap     ] GC(1) Eden regions: 15->0(49)
[2025-11-26T18:06:51.781+0100][gc,heap     ] GC(1) Survivor regions: 7->2(7)
[2025-11-26T18:06:51.781+0100][gc,heap     ] GC(1) Old regions: 3->11
[2025-11-26T18:06:51.781+0100][gc,heap     ] GC(1) Humongous regions: 0->0
[2025-11-26T18:06:51.781+0100][gc,metaspace] GC(1) Metaspace: 21309K(21504K)->21309K(21504K) NonClass: 18809K(18880K)->18809K(18880K) Class: 2499K(2624K)->2499K(2624K)
[2025-11-26T18:06:51.781+0100][gc          ] GC(1) Pause Young (Concurrent Start) (Metadata GC Threshold) 23M->11M(1024M) 3,584ms
[2025-11-26T18:06:51.781+0100][gc          ] GC(2) Concurrent Mark Cycle
[2025-11-26T18:06:51.781+0100][gc,cpu      ] GC(1) User=0,03s Sys=0,02s Real=0,01s
[2025-11-26T18:06:51.781+0100][gc,marking  ] GC(2) Concurrent Scan Root Regions
[2025-11-26T18:06:51.783+0100][gc,marking  ] GC(2) Concurrent Scan Root Regions 1,203ms
[2025-11-26T18:06:51.783+0100][gc,marking  ] GC(2) Concurrent Mark
[2025-11-26T18:06:51.783+0100][gc,marking  ] GC(2) Concurrent Mark From Roots
[2025-11-26T18:06:51.783+0100][gc,task     ] GC(2) Using 4 workers of 4 for marking
[2025-11-26T18:06:51.784+0100][gc,marking  ] GC(2) Concurrent Mark From Roots 1,606ms
[2025-11-26T18:06:51.784+0100][gc,marking  ] GC(2) Concurrent Preclean
[2025-11-26T18:06:51.784+0100][gc,marking  ] GC(2) Concurrent Preclean 0,007ms
[2025-11-26T18:06:51.784+0100][gc,start    ] GC(2) Pause Remark
[2025-11-26T18:06:51.786+0100][gc          ] GC(2) Pause Remark 11M->11M(1024M) 1,128ms
[2025-11-26T18:06:51.786+0100][gc,cpu      ] GC(2) User=0,01s Sys=0,00s Real=0,00s
[2025-11-26T18:06:51.786+0100][gc,marking  ] GC(2) Concurrent Mark 2,895ms
[2025-11-26T18:06:51.786+0100][gc,marking  ] GC(2) Concurrent Rebuild Remembered Sets and Scrub Regions
[2025-11-26T18:06:51.787+0100][gc,marking  ] GC(2) Concurrent Rebuild Remembered Sets and Scrub Regions 0,968ms
[2025-11-26T18:06:51.787+0100][gc,start    ] GC(2) Pause Cleanup
[2025-11-26T18:06:51.788+0100][gc          ] GC(2) Pause Cleanup 11M->11M(1024M) 0,160ms
[2025-11-26T18:06:51.788+0100][gc,cpu      ] GC(2) User=0,00s Sys=0,00s Real=0,00s
[2025-11-26T18:06:51.788+0100][gc,marking  ] GC(2) Concurrent Clear Claimed Marks
[2025-11-26T18:06:51.788+0100][gc,marking  ] GC(2) Concurrent Clear Claimed Marks 0,012ms
[2025-11-26T18:06:51.788+0100][gc,marking  ] GC(2) Concurrent Cleanup for Next Mark
[2025-11-26T18:06:51.789+0100][gc,marking  ] GC(2) Concurrent Cleanup for Next Mark 0,911ms
[2025-11-26T18:06:51.789+0100][gc          ] GC(2) Concurrent Mark Cycle 7,125ms
[2025-11-26T18:06:52.110+0100][gc,start    ] GC(3) Pause Young (Prepare Mixed) (GCLocker Initiated GC)
[2025-11-26T18:06:52.110+0100][gc,task     ] GC(3) Using 15 workers of 15 for evacuation
[2025-11-26T18:06:52.111+0100][gc,phases   ] GC(3)   Pre Evacuate Collection Set: 0,09ms
[2025-11-26T18:06:52.111+0100][gc,phases   ] GC(3)   Merge Heap Roots: 0,04ms
[2025-11-26T18:06:52.111+0100][gc,phases   ] GC(3)   Evacuate Collection Set: 1,02ms
[2025-11-26T18:06:52.111+0100][gc,phases   ] GC(3)   Post Evacuate Collection Set: 0,15ms
[2025-11-26T18:06:52.111+0100][gc,phases   ] GC(3)   Other: 0,04ms
[2025-11-26T18:06:52.111+0100][gc,heap     ] GC(3) Eden regions: 49->0(44)
[2025-11-26T18:06:52.111+0100][gc,heap     ] GC(3) Survivor regions: 2->7(7)
[2025-11-26T18:06:52.111+0100][gc,heap     ] GC(3) Old regions: 11->11
[2025-11-26T18:06:52.111+0100][gc,heap     ] GC(3) Humongous regions: 129->129
[2025-11-26T18:06:52.111+0100][gc,metaspace] GC(3) Metaspace: 32977K(33280K)->32977K(33280K) NonClass: 29399K(29568K)->29399K(29568K) Class: 3577K(3712K)->3577K(3712K)
[2025-11-26T18:06:52.111+0100][gc          ] GC(3) Pause Young (Prepare Mixed) (GCLocker Initiated GC) 189M->145M(1024M) 1,460ms
[2025-11-26T18:06:52.111+0100][gc,cpu      ] GC(3) User=0,02s Sys=0,01s Real=0,00s
[2025-11-26T18:06:52.156+0100][gc,start    ] GC(4) Pause Young (Mixed) (Metadata GC Threshold)
[2025-11-26T18:06:52.157+0100][gc,task     ] GC(4) Using 15 workers of 15 for evacuation
[2025-11-26T18:06:52.160+0100][gc,phases   ] GC(4)   Pre Evacuate Collection Set: 0,14ms
[2025-11-26T18:06:52.160+0100][gc,phases   ] GC(4)   Merge Heap Roots: 0,03ms
[2025-11-26T18:06:52.160+0100][gc,phases   ] GC(4)   Evacuate Collection Set: 2,67ms
[2025-11-26T18:06:52.160+0100][gc,phases   ] GC(4)   Post Evacuate Collection Set: 0,15ms
[2025-11-26T18:06:52.160+0100][gc,phases   ] GC(4)   Other: 0,03ms
[2025-11-26T18:06:52.160+0100][gc,heap     ] GC(4) Eden regions: 11->0(49)
[2025-11-26T18:06:52.160+0100][gc,heap     ] GC(4) Survivor regions: 7->2(7)
[2025-11-26T18:06:52.160+0100][gc,heap     ] GC(4) Old regions: 11->17
[2025-11-26T18:06:52.160+0100][gc,heap     ] GC(4) Humongous regions: 129->129
[2025-11-26T18:06:52.160+0100][gc,metaspace] GC(4) Metaspace: 35735K(35968K)->35735K(35968K) NonClass: 31857K(32000K)->31857K(32000K) Class: 3878K(3968K)->3878K(3968K)
[2025-11-26T18:06:52.160+0100][gc          ] GC(4) Pause Young (Mixed) (Metadata GC Threshold) 155M->146M(1024M) 3,132ms
[2025-11-26T18:06:52.160+0100][gc,cpu      ] GC(4) User=0,02s Sys=0,02s Real=0,01s
[2025-11-26T18:06:52.165+0100][gc,start    ] GC(5) Pause Young (Concurrent Start) (Metadata GC Threshold)
[2025-11-26T18:06:52.165+0100][gc,task     ] GC(5) Using 15 workers of 15 for evacuation
[2025-11-26T18:06:52.165+0100][gc,phases   ] GC(5)   Pre Evacuate Collection Set: 0,10ms
[2025-11-26T18:06:52.165+0100][gc,phases   ] GC(5)   Merge Heap Roots: 0,04ms
[2025-11-26T18:06:52.165+0100][gc,phases   ] GC(5)   Evacuate Collection Set: 0,39ms
[2025-11-26T18:06:52.165+0100][gc,phases   ] GC(5)   Post Evacuate Collection Set: 0,12ms
[2025-11-26T18:06:52.165+0100][gc,phases   ] GC(5)   Other: 0,03ms
[2025-11-26T18:06:52.165+0100][gc,heap     ] GC(5) Eden regions: 3->0(50)
[2025-11-26T18:06:52.165+0100][gc,heap     ] GC(5) Survivor regions: 2->1(7)
[2025-11-26T18:06:52.165+0100][gc,heap     ] GC(5) Old regions: 17->17
[2025-11-26T18:06:52.165+0100][gc,heap     ] GC(5) Humongous regions: 129->129
[2025-11-26T18:06:52.165+0100][gc,metaspace] GC(5) Metaspace: 36053K(36288K)->36053K(36288K) NonClass: 32123K(32256K)->32123K(32256K) Class: 3929K(4032K)->3929K(4032K)
[2025-11-26T18:06:52.165+0100][gc          ] GC(5) Pause Young (Concurrent Start) (Metadata GC Threshold) 148M->145M(1024M) 0,775ms
[2025-11-26T18:06:52.165+0100][gc          ] GC(6) Concurrent Mark Cycle
[2025-11-26T18:06:52.166+0100][gc,cpu      ] GC(5) User=0,01s Sys=0,00s Real=0,00s
[2025-11-26T18:06:52.166+0100][gc,marking  ] GC(6) Concurrent Scan Root Regions
[2025-11-26T18:06:52.166+0100][gc,marking  ] GC(6) Concurrent Scan Root Regions 0,538ms
[2025-11-26T18:06:52.166+0100][gc,marking  ] GC(6) Concurrent Mark
[2025-11-26T18:06:52.166+0100][gc,marking  ] GC(6) Concurrent Mark From Roots
[2025-11-26T18:06:52.166+0100][gc,task     ] GC(6) Using 4 workers of 4 for marking
[2025-11-26T18:06:52.171+0100][gc,marking  ] GC(6) Concurrent Mark From Roots 4,963ms
[2025-11-26T18:06:52.171+0100][gc,marking  ] GC(6) Concurrent Preclean
[2025-11-26T18:06:52.171+0100][gc,marking  ] GC(6) Concurrent Preclean 0,031ms
[2025-11-26T18:06:52.172+0100][gc,start    ] GC(6) Pause Remark
[2025-11-26T18:06:52.173+0100][gc          ] GC(6) Pause Remark 147M->147M(1024M) 0,918ms
[2025-11-26T18:06:52.173+0100][gc,cpu      ] GC(6) User=0,01s Sys=0,00s Real=0,00s
[2025-11-26T18:06:52.173+0100][gc,marking  ] GC(6) Concurrent Mark 6,554ms
[2025-11-26T18:06:52.173+0100][gc,marking  ] GC(6) Concurrent Rebuild Remembered Sets and Scrub Regions
[2025-11-26T18:06:52.175+0100][gc,marking  ] GC(6) Concurrent Rebuild Remembered Sets and Scrub Regions 2,335ms
[2025-11-26T18:06:52.175+0100][gc,start    ] GC(6) Pause Cleanup
[2025-11-26T18:06:52.175+0100][gc          ] GC(6) Pause Cleanup 147M->147M(1024M) 0,132ms
[2025-11-26T18:06:52.175+0100][gc,cpu      ] GC(6) User=0,00s Sys=0,00s Real=0,00s
[2025-11-26T18:06:52.175+0100][gc,marking  ] GC(6) Concurrent Clear Claimed Marks
[2025-11-26T18:06:52.175+0100][gc,marking  ] GC(6) Concurrent Clear Claimed Marks 0,012ms
[2025-11-26T18:06:52.175+0100][gc,marking  ] GC(6) Concurrent Cleanup for Next Mark
[2025-11-26T18:06:52.176+0100][gc,marking  ] GC(6) Concurrent Cleanup for Next Mark 0,467ms
[2025-11-26T18:06:52.176+0100][gc          ] GC(6) Concurrent Mark Cycle 10,253ms
[2025-11-26T18:07:51.109+0100][gc,start    ] GC(7) Pause Young (Prepare Mixed) (G1 Evacuation Pause)
[2025-11-26T18:07:51.109+0100][gc,task     ] GC(7) Using 15 workers of 15 for evacuation
[2025-11-26T18:07:51.115+0100][gc,phases   ] GC(7)   Pre Evacuate Collection Set: 0,71ms
[2025-11-26T18:07:51.115+0100][gc,phases   ] GC(7)   Merge Heap Roots: 0,27ms
[2025-11-26T18:07:51.115+0100][gc,phases   ] GC(7)   Evacuate Collection Set: 3,88ms
[2025-11-26T18:07:51.115+0100][gc,phases   ] GC(7)   Post Evacuate Collection Set: 0,71ms
[2025-11-26T18:07:51.115+0100][gc,phases   ] GC(7)   Other: 0,11ms
[2025-11-26T18:07:51.115+0100][gc,heap     ] GC(7) Eden regions: 50->0(46)
[2025-11-26T18:07:51.115+0100][gc,heap     ] GC(7) Survivor regions: 1->5(7)
[2025-11-26T18:07:51.115+0100][gc,heap     ] GC(7) Old regions: 17->17
[2025-11-26T18:07:51.115+0100][gc,heap     ] GC(7) Humongous regions: 129->129
[2025-11-26T18:07:51.115+0100][gc,metaspace] GC(7) Metaspace: 43968K(44544K)->43968K(44544K) NonClass: 38775K(39104K)->38775K(39104K) Class: 5193K(5440K)->5193K(5440K)
[2025-11-26T18:07:51.115+0100][gc          ] GC(7) Pause Young (Prepare Mixed) (G1 Evacuation Pause) 195M->149M(1024M) 6,110ms
[2025-11-26T18:07:51.115+0100][gc,cpu      ] GC(7) User=0,05s Sys=0,00s Real=0,00s
[2025-11-26T18:31:36.269+0100][gc,start    ] GC(8) Pause Young (Mixed) (G1 Evacuation Pause)
[2025-11-26T18:31:36.269+0100][gc,task     ] GC(8) Using 15 workers of 15 for evacuation
[2025-11-26T18:31:36.271+0100][gc,phases   ] GC(8)   Pre Evacuate Collection Set: 0,17ms
[2025-11-26T18:31:36.271+0100][gc,phases   ] GC(8)   Merge Heap Roots: 0,04ms
[2025-11-26T18:31:36.271+0100][gc,phases   ] GC(8)   Evacuate Collection Set: 1,01ms
[2025-11-26T18:31:36.271+0100][gc,phases   ] GC(8)   Post Evacuate Collection Set: 0,20ms
[2025-11-26T18:31:36.271+0100][gc,phases   ] GC(8)   Other: 0,03ms
[2025-11-26T18:31:36.271+0100][gc,heap     ] GC(8) Eden regions: 46->0(46)
[2025-11-26T18:31:36.271+0100][gc,heap     ] GC(8) Survivor regions: 5->5(7)
[2025-11-26T18:31:36.271+0100][gc,heap     ] GC(8) Old regions: 17->17
[2025-11-26T18:31:36.271+0100][gc,heap     ] GC(8) Humongous regions: 129->129
[2025-11-26T18:31:36.271+0100][gc,metaspace] GC(8) Metaspace: 44997K(45632K)->44997K(45632K) NonClass: 39780K(40128K)->39780K(40128K) Class: 5217K(5504K)->5217K(5504K)
[2025-11-26T18:31:36.271+0100][gc          ] GC(8) Pause Young (Mixed) (G1 Evacuation Pause) 195M->149M(1024M) 1,556ms
[2025-11-26T18:31:36.271+0100][gc,cpu      ] GC(8) User=0,02s Sys=0,00s Real=0,00s
[2025-11-26T18:49:03.848+0100][gc,start    ] GC(9) Pause Young (Normal) (G1 Evacuation Pause)
[2025-11-26T18:49:03.848+0100][gc,task     ] GC(9) Using 15 workers of 15 for evacuation
[2025-11-26T18:49:03.854+0100][gc,phases   ] GC(9)   Pre Evacuate Collection Set: 0,90ms
[2025-11-26T18:49:03.854+0100][gc,phases   ] GC(9)   Merge Heap Roots: 0,26ms
[2025-11-26T18:49:03.854+0100][gc,phases   ] GC(9)   Evacuate Collection Set: 4,06ms
[2025-11-26T18:49:03.854+0100][gc,phases   ] GC(9)   Post Evacuate Collection Set: 0,73ms
[2025-11-26T18:49:03.854+0100][gc,phases   ] GC(9)   Other: 0,15ms
[2025-11-26T18:49:03.854+0100][gc,heap     ] GC(9) Eden regions: 46->0(49)
[2025-11-26T18:49:03.854+0100][gc,heap     ] GC(9) Survivor regions: 5->2(7)
[2025-11-26T18:49:03.854+0100][gc,heap     ] GC(9) Old regions: 17->20
[2025-11-26T18:49:03.854+0100][gc,heap     ] GC(9) Humongous regions: 129->129
[2025-11-26T18:49:03.854+0100][gc,metaspace] GC(9) Metaspace: 45507K(46144K)->45507K(46144K) NonClass: 40284K(40640K)->40284K(40640K) Class: 5222K(5504K)->5222K(5504K)
[2025-11-26T18:49:03.854+0100][gc          ] GC(9) Pause Young (Normal) (G1 Evacuation Pause) 195M->150M(1024M) 6,462ms
[2025-11-26T18:49:03.854+0100][gc,cpu      ] GC(9) User=0,05s Sys=0,02s Real=0,01s
[2025-11-26T18:53:51.267+0100][gc,start    ] GC(10) Pause Young (Normal) (G1 Evacuation Pause)
[2025-11-26T18:53:51.267+0100][gc,task     ] GC(10) Using 15 workers of 15 for evacuation
[2025-11-26T18:53:51.268+0100][gc,phases   ] GC(10)   Pre Evacuate Collection Set: 0,23ms
[2025-11-26T18:53:51.268+0100][gc,phases   ] GC(10)   Merge Heap Roots: 0,05ms
[2025-11-26T18:53:51.268+0100][gc,phases   ] GC(10)   Evacuate Collection Set: 0,91ms
[2025-11-26T18:53:51.268+0100][gc,phases   ] GC(10)   Post Evacuate Collection Set: 0,41ms
[2025-11-26T18:53:51.268+0100][gc,phases   ] GC(10)   Other: 0,07ms
[2025-11-26T18:53:51.269+0100][gc,heap     ] GC(10) Eden regions: 49->0(47)
[2025-11-26T18:53:51.269+0100][gc,heap     ] GC(10) Survivor regions: 2->4(7)
[2025-11-26T18:53:51.269+0100][gc,heap     ] GC(10) Old regions: 20->20
[2025-11-26T18:53:51.269+0100][gc,heap     ] GC(10) Humongous regions: 129->129
[2025-11-26T18:53:51.269+0100][gc,metaspace] GC(10) Metaspace: 45967K(46656K)->45967K(46656K) NonClass: 40730K(41152K)->40730K(41152K) Class: 5236K(5504K)->5236K(5504K)
[2025-11-26T18:53:51.269+0100][gc          ] GC(10) Pause Young (Normal) (G1 Evacuation Pause) 199M->151M(1024M) 1,867ms
[2025-11-26T18:53:51.269+0100][gc,cpu      ] GC(10) User=0,01s Sys=0,00s Real=0,00s
