[2025-11-26T22:04:55.631+0100][gc,init] CardTable entry size: 512
[2025-11-26T22:04:55.631+0100][gc     ] Using G1
[2025-11-26T22:04:55.638+0100][gc,init] Version: 21.0.9+10 (release)
[2025-11-26T22:04:55.638+0100][gc,init] CPUs: 20 total, 20 available
[2025-11-26T22:04:55.638+0100][gc,init] Memory: 31706M
[2025-11-26T22:04:55.638+0100][gc,init] Large Page Support: Disabled
[2025-11-26T22:04:55.638+0100][gc,init] NUMA Support: Disabled
[2025-11-26T22:04:55.638+0100][gc,init] Compressed Oops: Enabled (32-bit)
[2025-11-26T22:04:55.638+0100][gc,init] Heap Region Size: 1M
[2025-11-26T22:04:55.638+0100][gc,init] Heap Min Capacity: 1G
[2025-11-26T22:04:55.638+0100][gc,init] Heap Initial Capacity: 1G
[2025-11-26T22:04:55.638+0100][gc,init] Heap Max Capacity: 1G
[2025-11-26T22:04:55.638+0100][gc,init] Pre-touch: Disabled
[2025-11-26T22:04:55.638+0100][gc,init] Parallel Workers: 15
[2025-11-26T22:04:55.638+0100][gc,init] Concurrent Workers: 4
[2025-11-26T22:04:55.638+0100][gc,init] Concurrent Refinement Workers: 15
[2025-11-26T22:04:55.638+0100][gc,init] Periodic GC: Disabled
[2025-11-26T22:04:55.647+0100][gc,metaspace] CDS archive(s) mapped at: [0x00007f0ebb000000-0x00007f0ebbca0000-0x00007f0ebbca0000), size 13238272, SharedBaseAddress: 0x00007f0ebb000000, ArchiveRelocationMode: 1.
[2025-11-26T22:04:55.647+0100][gc,metaspace] Compressed class space mapped at: 0x00007f0ebc000000-0x00007f0efc000000, reserved size: 1073741824
[2025-11-26T22:04:55.647+0100][gc,metaspace] Narrow klass base: 0x00007f0ebb000000, Narrow klass shift: 0, Narrow klass range: 0x100000000
[2025-11-26T22:05:02.835+0100][gc,start    ] GC(0) Pause Young (Normal) (G1 Evacuation Pause)
[2025-11-26T22:05:02.836+0100][gc,task     ] GC(0) Using 15 workers of 15 for evacuation
[2025-11-26T22:05:02.842+0100][gc,phases   ] GC(0)   Pre Evacuate Collection Set: 0,14ms
[2025-11-26T22:05:02.842+0100][gc,phases   ] GC(0)   Merge Heap Roots: 0,05ms
[2025-11-26T22:05:02.842+0100][gc,phases   ] GC(0)   Evacuate Collection Set: 4,95ms
[2025-11-26T22:05:02.842+0100][gc,phases   ] GC(0)   Post Evacuate Collection Set: 0,91ms
[2025-11-26T22:05:02.842+0100][gc,phases   ] GC(0)   Other: 1,21ms
[2025-11-26T22:05:02.842+0100][gc,heap     ] GC(0) Eden regions: 51->0(44)
[2025-11-26T22:05:02.842+0100][gc,heap     ] GC(0) Survivor regions: 0->7(7)
[2025-11-26T22:05:02.842+0100][gc,heap     ] GC(0) Old regions: 2->3
[2025-11-26T22:05:02.843+0100][gc,heap     ] GC(0) Humongous regions: 0->0
[2025-11-26T22:05:02.843+0100][gc,metaspace] GC(0) Metaspace: 17018K(17152K)->17018K(17152K) NonClass: 15027K(15104K)->15027K(15104K) Class: 1991K(2048K)->1991K(2048K)
[2025-11-26T22:05:02.843+0100][gc          ] GC(0) Pause Young (Normal) (G1 Evacuation Pause) 52M->8M(1024M) 7,609ms
[2025-11-26T22:05:02.843+0100][gc,cpu      ] GC(0) User=0,05s Sys=0,02s Real=0,00s
[2025-11-26T22:05:02.963+0100][gc,start    ] GC(1) Pause Young (Concurrent Start) (Metadata GC Threshold)
[2025-11-26T22:05:02.963+0100][gc,task     ] GC(1) Using 15 workers of 15 for evacuation
[2025-11-26T22:05:02.967+0100][gc,phases   ] GC(1)   Pre Evacuate Collection Set: 0,16ms
[2025-11-26T22:05:02.967+0100][gc,phases   ] GC(1)   Merge Heap Roots: 0,03ms
[2025-11-26T22:05:02.967+0100][gc,phases   ] GC(1)   Evacuate Collection Set: 3,05ms
[2025-11-26T22:05:02.967+0100][gc,phases   ] GC(1)   Post Evacuate Collection Set: 0,35ms
[2025-11-26T22:05:02.967+0100][gc,phases   ] GC(1)   Other: 0,07ms
[2025-11-26T22:05:02.967+0100][gc,heap     ] GC(1) Eden regions: 15->0(49)
[2025-11-26T22:05:02.967+0100][gc,heap     ] GC(1) Survivor regions: 7->2(7)
[2025-11-26T22:05:02.967+0100][gc,heap     ] GC(1) Old regions: 3->11
[2025-11-26T22:05:02.967+0100][gc,heap     ] GC(1) Humongous regions: 0->0
[2025-11-26T22:05:02.967+0100][gc,metaspace] GC(1) Metaspace: 21299K(21504K)->21299K(21504K) NonClass: 18796K(18880K)->18796K(18880K) Class: 2502K(2624K)->2502K(2624K)
[2025-11-26T22:05:02.967+0100][gc          ] GC(1) Pause Young (Concurrent Start) (Metadata GC Threshold) 23M->10M(1024M) 3,859ms
[2025-11-26T22:05:02.967+0100][gc          ] GC(2) Concurrent Mark Cycle
[2025-11-26T22:05:02.967+0100][gc,cpu      ] GC(1) User=0,03s Sys=0,02s Real=0,01s
[2025-11-26T22:05:02.967+0100][gc,marking  ] GC(2) Concurrent Scan Root Regions
[2025-11-26T22:05:02.968+0100][gc,marking  ] GC(2) Concurrent Scan Root Regions 1,521ms
[2025-11-26T22:05:02.968+0100][gc,marking  ] GC(2) Concurrent Mark
[2025-11-26T22:05:02.968+0100][gc,marking  ] GC(2) Concurrent Mark From Roots
[2025-11-26T22:05:02.968+0100][gc,task     ] GC(2) Using 4 workers of 4 for marking
[2025-11-26T22:05:02.970+0100][gc,marking  ] GC(2) Concurrent Mark From Roots 1,887ms
[2025-11-26T22:05:02.970+0100][gc,marking  ] GC(2) Concurrent Preclean
[2025-11-26T22:05:02.970+0100][gc,marking  ] GC(2) Concurrent Preclean 0,012ms
[2025-11-26T22:05:02.971+0100][gc,start    ] GC(2) Pause Remark
[2025-11-26T22:05:02.972+0100][gc          ] GC(2) Pause Remark 11M->11M(1024M) 1,249ms
[2025-11-26T22:05:02.972+0100][gc,cpu      ] GC(2) User=0,02s Sys=0,00s Real=0,00s
[2025-11-26T22:05:02.972+0100][gc,marking  ] GC(2) Concurrent Mark 3,331ms
[2025-11-26T22:05:02.972+0100][gc,marking  ] GC(2) Concurrent Rebuild Remembered Sets and Scrub Regions
[2025-11-26T22:05:02.973+0100][gc,marking  ] GC(2) Concurrent Rebuild Remembered Sets and Scrub Regions 1,032ms
[2025-11-26T22:05:02.973+0100][gc,start    ] GC(2) Pause Cleanup
[2025-11-26T22:05:02.973+0100][gc          ] GC(2) Pause Cleanup 11M->11M(1024M) 0,116ms
[2025-11-26T22:05:02.973+0100][gc,cpu      ] GC(2) User=0,00s Sys=0,00s Real=0,00s
[2025-11-26T22:05:02.973+0100][gc,marking  ] GC(2) Concurrent Clear Claimed Marks
[2025-11-26T22:05:02.973+0100][gc,marking  ] GC(2) Concurrent Clear Claimed Marks 0,019ms
[2025-11-26T22:05:02.973+0100][gc,marking  ] GC(2) Concurrent Cleanup for Next Mark
[2025-11-26T22:05:02.974+0100][gc,marking  ] GC(2) Concurrent Cleanup for Next Mark 1,022ms
[2025-11-26T22:05:02.974+0100][gc          ] GC(2) Concurrent Mark Cycle 7,310ms
[2025-11-26T22:05:03.309+0100][gc,start    ] GC(3) Pause Young (Prepare Mixed) (G1 Evacuation Pause)
[2025-11-26T22:05:03.309+0100][gc,task     ] GC(3) Using 15 workers of 15 for evacuation
[2025-11-26T22:05:03.311+0100][gc,phases   ] GC(3)   Pre Evacuate Collection Set: 0,08ms
[2025-11-26T22:05:03.311+0100][gc,phases   ] GC(3)   Merge Heap Roots: 0,03ms
[2025-11-26T22:05:03.311+0100][gc,phases   ] GC(3)   Evacuate Collection Set: 1,14ms
[2025-11-26T22:05:03.311+0100][gc,phases   ] GC(3)   Post Evacuate Collection Set: 0,19ms
[2025-11-26T22:05:03.311+0100][gc,phases   ] GC(3)   Other: 0,03ms
[2025-11-26T22:05:03.311+0100][gc,heap     ] GC(3) Eden regions: 49->0(44)
[2025-11-26T22:05:03.311+0100][gc,heap     ] GC(3) Survivor regions: 2->7(7)
[2025-11-26T22:05:03.311+0100][gc,heap     ] GC(3) Old regions: 11->11
[2025-11-26T22:05:03.311+0100][gc,heap     ] GC(3) Humongous regions: 129->129
[2025-11-26T22:05:03.311+0100][gc,metaspace] GC(3) Metaspace: 33015K(33344K)->33015K(33344K) NonClass: 29442K(29632K)->29442K(29632K) Class: 3573K(3712K)->3573K(3712K)
[2025-11-26T22:05:03.311+0100][gc          ] GC(3) Pause Young (Prepare Mixed) (G1 Evacuation Pause) 188M->144M(1024M) 1,564ms
[2025-11-26T22:05:03.311+0100][gc,cpu      ] GC(3) User=0,02s Sys=0,01s Real=0,00s
[2025-11-26T22:05:03.360+0100][gc,start    ] GC(4) Pause Young (Mixed) (Metadata GC Threshold)
[2025-11-26T22:05:03.360+0100][gc,task     ] GC(4) Using 15 workers of 15 for evacuation
[2025-11-26T22:05:03.364+0100][gc,phases   ] GC(4)   Pre Evacuate Collection Set: 0,09ms
[2025-11-26T22:05:03.364+0100][gc,phases   ] GC(4)   Merge Heap Roots: 0,02ms
[2025-11-26T22:05:03.364+0100][gc,phases   ] GC(4)   Evacuate Collection Set: 2,80ms
[2025-11-26T22:05:03.364+0100][gc,phases   ] GC(4)   Post Evacuate Collection Set: 0,17ms
[2025-11-26T22:05:03.364+0100][gc,phases   ] GC(4)   Other: 0,04ms
[2025-11-26T22:05:03.364+0100][gc,heap     ] GC(4) Eden regions: 11->0(49)
[2025-11-26T22:05:03.364+0100][gc,heap     ] GC(4) Survivor regions: 7->2(7)
[2025-11-26T22:05:03.364+0100][gc,heap     ] GC(4) Old regions: 11->16
[2025-11-26T22:05:03.364+0100][gc,heap     ] GC(4) Humongous regions: 129->129
[2025-11-26T22:05:03.364+0100][gc,metaspace] GC(4) Metaspace: 35764K(35968K)->35764K(35968K) NonClass: 31898K(32000K)->31898K(32000K) Class: 3865K(3968K)->3865K(3968K)
[2025-11-26T22:05:03.364+0100][gc          ] GC(4) Pause Young (Mixed) (Metadata GC Threshold) 154M->145M(1024M) 3,242ms
[2025-11-26T22:05:03.364+0100][gc,cpu      ] GC(4) User=0,03s Sys=0,02s Real=0,00s
[2025-11-26T22:05:03.373+0100][gc,start    ] GC(5) Pause Young (Concurrent Start) (Metadata GC Threshold)
[2025-11-26T22:05:03.373+0100][gc,task     ] GC(5) Using 15 workers of 15 for evacuation
[2025-11-26T22:05:03.373+0100][gc,phases   ] GC(5)   Pre Evacuate Collection Set: 0,13ms
[2025-11-26T22:05:03.373+0100][gc,phases   ] GC(5)   Merge Heap Roots: 0,02ms
[2025-11-26T22:05:03.373+0100][gc,phases   ] GC(5)   Evacuate Collection Set: 0,42ms
[2025-11-26T22:05:03.373+0100][gc,phases   ] GC(5)   Post Evacuate Collection Set: 0,11ms
[2025-11-26T22:05:03.373+0100][gc,phases   ] GC(5)   Other: 0,02ms
[2025-11-26T22:05:03.373+0100][gc,heap     ] GC(5) Eden regions: 2->0(50)
[2025-11-26T22:05:03.373+0100][gc,heap     ] GC(5) Survivor regions: 2->1(7)
[2025-11-26T22:05:03.373+0100][gc,heap     ] GC(5) Old regions: 16->16
[2025-11-26T22:05:03.373+0100][gc,heap     ] GC(5) Humongous regions: 129->129
[2025-11-26T22:05:03.373+0100][gc,metaspace] GC(5) Metaspace: 36059K(36288K)->36059K(36288K) NonClass: 32151K(32256K)->32151K(32256K) Class: 3908K(4032K)->3908K(4032K)
[2025-11-26T22:05:03.373+0100][gc          ] GC(5) Pause Young (Concurrent Start) (Metadata GC Threshold) 147M->145M(1024M) 0,794ms
[2025-11-26T22:05:03.373+0100][gc          ] GC(6) Concurrent Mark Cycle
[2025-11-26T22:05:03.373+0100][gc,cpu      ] GC(5) User=0,00s Sys=0,01s Real=0,00s
[2025-11-26T22:05:03.373+0100][gc,marking  ] GC(6) Concurrent Scan Root Regions
[2025-11-26T22:05:03.374+0100][gc,marking  ] GC(6) Concurrent Scan Root Regions 0,507ms
[2025-11-26T22:05:03.374+0100][gc,marking  ] GC(6) Concurrent Mark
[2025-11-26T22:05:03.374+0100][gc,marking  ] GC(6) Concurrent Mark From Roots
[2025-11-26T22:05:03.374+0100][gc,task     ] GC(6) Using 4 workers of 4 for marking
[2025-11-26T22:05:03.379+0100][gc,marking  ] GC(6) Concurrent Mark From Roots 5,350ms
[2025-11-26T22:05:03.379+0100][gc,marking  ] GC(6) Concurrent Preclean
[2025-11-26T22:05:03.379+0100][gc,marking  ] GC(6) Concurrent Preclean 0,042ms
[2025-11-26T22:05:03.379+0100][gc,start    ] GC(6) Pause Remark
[2025-11-26T22:05:03.380+0100][gc          ] GC(6) Pause Remark 146M->146M(1024M) 0,759ms
[2025-11-26T22:05:03.380+0100][gc,cpu      ] GC(6) User=0,00s Sys=0,00s Real=0,00s
[2025-11-26T22:05:03.380+0100][gc,marking  ] GC(6) Concurrent Mark 6,318ms
[2025-11-26T22:05:03.380+0100][gc,marking  ] GC(6) Concurrent Rebuild Remembered Sets and Scrub Regions
[2025-11-26T22:05:03.382+0100][gc,marking  ] GC(6) Concurrent Rebuild Remembered Sets and Scrub Regions 1,773ms
[2025-11-26T22:05:03.382+0100][gc,start    ] GC(6) Pause Cleanup
[2025-11-26T22:05:03.382+0100][gc          ] GC(6) Pause Cleanup 146M->146M(1024M) 0,058ms
[2025-11-26T22:05:03.382+0100][gc,cpu      ] GC(6) User=0,00s Sys=0,00s Real=0,00s
[2025-11-26T22:05:03.382+0100][gc,marking  ] GC(6) Concurrent Clear Claimed Marks
[2025-11-26T22:05:03.382+0100][gc,marking  ] GC(6) Concurrent Clear Claimed Marks 0,023ms
[2025-11-26T22:05:03.382+0100][gc,marking  ] GC(6) Concurrent Cleanup for Next Mark
[2025-11-26T22:05:03.383+0100][gc,marking  ] GC(6) Concurrent Cleanup for Next Mark 0,433ms
[2025-11-26T22:05:03.383+0100][gc          ] GC(6) Concurrent Mark Cycle 9,568ms
[2025-11-26T22:05:36.848+0100][gc,start    ] GC(7) Pause Young (Normal) (G1 Evacuation Pause)
[2025-11-26T22:05:36.848+0100][gc,task     ] GC(7) Using 15 workers of 15 for evacuation
[2025-11-26T22:05:36.853+0100][gc,phases   ] GC(7)   Pre Evacuate Collection Set: 1,95ms
[2025-11-26T22:05:36.853+0100][gc,phases   ] GC(7)   Merge Heap Roots: 0,10ms
[2025-11-26T22:05:36.853+0100][gc,phases   ] GC(7)   Evacuate Collection Set: 1,66ms
[2025-11-26T22:05:36.853+0100][gc,phases   ] GC(7)   Post Evacuate Collection Set: 0,98ms
[2025-11-26T22:05:36.853+0100][gc,phases   ] GC(7)   Other: 0,09ms
[2025-11-26T22:05:36.853+0100][gc,heap     ] GC(7) Eden regions: 50->0(46)
[2025-11-26T22:05:36.853+0100][gc,heap     ] GC(7) Survivor regions: 1->5(7)
[2025-11-26T22:05:36.853+0100][gc,heap     ] GC(7) Old regions: 16->16
[2025-11-26T22:05:36.853+0100][gc,heap     ] GC(7) Humongous regions: 129->129
[2025-11-26T22:05:36.853+0100][gc,metaspace] GC(7) Metaspace: 43931K(44544K)->43931K(44544K) NonClass: 38744K(39104K)->38744K(39104K) Class: 5186K(5440K)->5186K(5440K)
[2025-11-26T22:05:36.853+0100][gc          ] GC(7) Pause Young (Normal) (G1 Evacuation Pause) 195M->148M(1024M) 5,068ms
[2025-11-26T22:05:36.853+0100][gc,cpu      ] GC(7) User=0,02s Sys=0,01s Real=0,00s
[2025-11-26T22:07:57.731+0100][gc,start    ] GC(8) Pause Young (Normal) (G1 Evacuation Pause)
[2025-11-26T22:07:57.731+0100][gc,task     ] GC(8) Using 15 workers of 15 for evacuation
[2025-11-26T22:07:57.736+0100][gc,phases   ] GC(8)   Pre Evacuate Collection Set: 0,50ms
[2025-11-26T22:07:57.736+0100][gc,phases   ] GC(8)   Merge Heap Roots: 0,15ms
[2025-11-26T22:07:57.736+0100][gc,phases   ] GC(8)   Evacuate Collection Set: 3,77ms
[2025-11-26T22:07:57.736+0100][gc,phases   ] GC(8)   Post Evacuate Collection Set: 1,00ms
[2025-11-26T22:07:57.736+0100][gc,phases   ] GC(8)   Other: 0,11ms
[2025-11-26T22:07:57.737+0100][gc,heap     ] GC(8) Eden regions: 46->0(45)
[2025-11-26T22:07:57.737+0100][gc,heap     ] GC(8) Survivor regions: 5->6(7)
[2025-11-26T22:07:57.737+0100][gc,heap     ] GC(8) Old regions: 16->17
[2025-11-26T22:07:57.737+0100][gc,heap     ] GC(8) Humongous regions: 129->129
[2025-11-26T22:07:57.737+0100][gc,metaspace] GC(8) Metaspace: 45459K(46144K)->45459K(46144K) NonClass: 40244K(40640K)->40244K(40640K) Class: 5214K(5504K)->5214K(5504K)
[2025-11-26T22:07:57.737+0100][gc          ] GC(8) Pause Young (Normal) (G1 Evacuation Pause) 194M->150M(1024M) 5,922ms
[2025-11-26T22:07:57.737+0100][gc,cpu      ] GC(8) User=0,04s Sys=0,01s Real=0,01s
[2025-11-26T22:08:36.496+0100][gc,heap,exit] Heap
[2025-11-26T22:08:36.496+0100][gc,heap,exit]  garbage-first heap   total 1048576K, used 167701K [0x00000000c0000000, 0x0000000100000000)
[2025-11-26T22:08:36.496+0100][gc,heap,exit]   region size 1024K, 20 young (20480K), 6 survivors (6144K)
[2025-11-26T22:08:36.496+0100][gc,heap,exit]  Metaspace       used 46424K, committed 47104K, reserved 1114112K
[2025-11-26T22:08:36.496+0100][gc,heap,exit]   class space    used 5408K, committed 5696K, reserved 1048576K
