[2025-11-26T22:04:25.860+0100][gc,init] CardTable entry size: 512
[2025-11-26T22:04:25.860+0100][gc     ] Using G1
[2025-11-26T22:04:25.867+0100][gc,init] Version: 21.0.9+10 (release)
[2025-11-26T22:04:25.867+0100][gc,init] CPUs: 20 total, 20 available
[2025-11-26T22:04:25.867+0100][gc,init] Memory: 31706M
[2025-11-26T22:04:25.867+0100][gc,init] Large Page Support: Disabled
[2025-11-26T22:04:25.867+0100][gc,init] NUMA Support: Disabled
[2025-11-26T22:04:25.867+0100][gc,init] Compressed Oops: Enabled (32-bit)
[2025-11-26T22:04:25.867+0100][gc,init] Heap Region Size: 1M
[2025-11-26T22:04:25.867+0100][gc,init] Heap Min Capacity: 1G
[2025-11-26T22:04:25.867+0100][gc,init] Heap Initial Capacity: 1G
[2025-11-26T22:04:25.867+0100][gc,init] Heap Max Capacity: 1G
[2025-11-26T22:04:25.867+0100][gc,init] Pre-touch: Disabled
[2025-11-26T22:04:25.867+0100][gc,init] Parallel Workers: 15
[2025-11-26T22:04:25.867+0100][gc,init] Concurrent Workers: 4
[2025-11-26T22:04:25.867+0100][gc,init] Concurrent Refinement Workers: 15
[2025-11-26T22:04:25.867+0100][gc,init] Periodic GC: Disabled
[2025-11-26T22:04:25.876+0100][gc,metaspace] CDS archive(s) mapped at: [0x00007f3a43000000-0x00007f3a43ca0000-0x00007f3a43ca0000), size 13238272, SharedBaseAddress: 0x00007f3a43000000, ArchiveRelocationMode: 1.
[2025-11-26T22:04:25.876+0100][gc,metaspace] Compressed class space mapped at: 0x00007f3a44000000-0x00007f3a84000000, reserved size: 1073741824
[2025-11-26T22:04:25.876+0100][gc,metaspace] Narrow klass base: 0x00007f3a43000000, Narrow klass shift: 0, Narrow klass range: 0x100000000
[2025-11-26T22:04:27.913+0100][gc,heap,exit] Heap
[2025-11-26T22:04:27.913+0100][gc,heap,exit]  garbage-first heap   total 1048576K, used 49713K [0x00000000c0000000, 0x0000000100000000)
[2025-11-26T22:04:27.913+0100][gc,heap,exit]   region size 1024K, 48 young (49152K), 0 survivors (0K)
[2025-11-26T22:04:27.913+0100][gc,heap,exit]  Metaspace       used 15078K, committed 15360K, reserved 1114112K
[2025-11-26T22:04:27.913+0100][gc,heap,exit]   class space    used 1794K, committed 1920K, reserved 1048576K
