[2025-11-26T12:31:07.370+0100][gc,init] CardTable entry size: 512
[2025-11-26T12:31:07.371+0100][gc     ] Using G1
[2025-11-26T12:31:07.377+0100][gc,init] Version: 21.0.9+10 (release)
[2025-11-26T12:31:07.377+0100][gc,init] CPUs: 20 total, 20 available
[2025-11-26T12:31:07.377+0100][gc,init] Memory: 31706M
[2025-11-26T12:31:07.377+0100][gc,init] Large Page Support: Disabled
[2025-11-26T12:31:07.377+0100][gc,init] NUMA Support: Disabled
[2025-11-26T12:31:07.377+0100][gc,init] Compressed Oops: Enabled (32-bit)
[2025-11-26T12:31:07.377+0100][gc,init] Heap Region Size: 1M
[2025-11-26T12:31:07.377+0100][gc,init] Heap Min Capacity: 1G
[2025-11-26T12:31:07.377+0100][gc,init] Heap Initial Capacity: 1G
[2025-11-26T12:31:07.377+0100][gc,init] Heap Max Capacity: 1G
[2025-11-26T12:31:07.377+0100][gc,init] Pre-touch: Disabled
[2025-11-26T12:31:07.377+0100][gc,init] Parallel Workers: 15
[2025-11-26T12:31:07.377+0100][gc,init] Concurrent Workers: 4
[2025-11-26T12:31:07.377+0100][gc,init] Concurrent Refinement Workers: 15
[2025-11-26T12:31:07.377+0100][gc,init] Periodic GC: Disabled
[2025-11-26T12:31:07.384+0100][gc,metaspace] CDS archive(s) mapped at: [0x00007f8483000000-0x00007f8483ca0000-0x00007f8483ca0000), size 13238272, SharedBaseAddress: 0x00007f8483000000, ArchiveRelocationMode: 1.
[2025-11-26T12:31:07.384+0100][gc,metaspace] Compressed class space mapped at: 0x00007f8484000000-0x00007f84c4000000, reserved size: 1073741824
[2025-11-26T12:31:07.384+0100][gc,metaspace] Narrow klass base: 0x00007f8483000000, Narrow klass shift: 0, Narrow klass range: 0x100000000
[2025-11-26T12:31:07.910+0100][gc,start    ] GC(0) Pause Young (Normal) (G1 Evacuation Pause)
[2025-11-26T12:31:07.912+0100][gc,task     ] GC(0) Using 15 workers of 15 for evacuation
[2025-11-26T12:31:07.916+0100][gc,phases   ] GC(0)   Pre Evacuate Collection Set: 0,16ms
[2025-11-26T12:31:07.916+0100][gc,phases   ] GC(0)   Merge Heap Roots: 0,05ms
[2025-11-26T12:31:07.916+0100][gc,phases   ] GC(0)   Evacuate Collection Set: 3,05ms
[2025-11-26T12:31:07.916+0100][gc,phases   ] GC(0)   Post Evacuate Collection Set: 0,46ms
[2025-11-26T12:31:07.916+0100][gc,phases   ] GC(0)   Other: 1,56ms
[2025-11-26T12:31:07.916+0100][gc,heap     ] GC(0) Eden regions: 51->0(44)
[2025-11-26T12:31:07.916+0100][gc,heap     ] GC(0) Survivor regions: 0->7(7)
[2025-11-26T12:31:07.916+0100][gc,heap     ] GC(0) Old regions: 2->3
[2025-11-26T12:31:07.916+0100][gc,heap     ] GC(0) Humongous regions: 0->0
[2025-11-26T12:31:07.916+0100][gc,metaspace] GC(0) Metaspace: 17254K(17472K)->17254K(17472K) NonClass: 15238K(15360K)->15238K(15360K) Class: 2015K(2112K)->2015K(2112K)
[2025-11-26T12:31:07.916+0100][gc          ] GC(0) Pause Young (Normal) (G1 Evacuation Pause) 52M->8M(1024M) 5,496ms
[2025-11-26T12:31:07.916+0100][gc,cpu      ] GC(0) User=0,03s Sys=0,02s Real=0,00s
[2025-11-26T12:31:08.022+0100][gc,start    ] GC(1) Pause Young (Concurrent Start) (Metadata GC Threshold)
[2025-11-26T12:31:08.022+0100][gc,task     ] GC(1) Using 15 workers of 15 for evacuation
[2025-11-26T12:31:08.026+0100][gc,phases   ] GC(1)   Pre Evacuate Collection Set: 0,22ms
[2025-11-26T12:31:08.026+0100][gc,phases   ] GC(1)   Merge Heap Roots: 0,04ms
[2025-11-26T12:31:08.026+0100][gc,phases   ] GC(1)   Evacuate Collection Set: 3,32ms
[2025-11-26T12:31:08.026+0100][gc,phases   ] GC(1)   Post Evacuate Collection Set: 0,39ms
[2025-11-26T12:31:08.026+0100][gc,phases   ] GC(1)   Other: 0,06ms
[2025-11-26T12:31:08.026+0100][gc,heap     ] GC(1) Eden regions: 15->0(49)
[2025-11-26T12:31:08.026+0100][gc,heap     ] GC(1) Survivor regions: 7->2(7)
[2025-11-26T12:31:08.026+0100][gc,heap     ] GC(1) Old regions: 3->11
[2025-11-26T12:31:08.026+0100][gc,heap     ] GC(1) Humongous regions: 0->0
[2025-11-26T12:31:08.026+0100][gc,metaspace] GC(1) Metaspace: 21309K(21504K)->21309K(21504K) NonClass: 18807K(18880K)->18807K(18880K) Class: 2501K(2624K)->2501K(2624K)
[2025-11-26T12:31:08.027+0100][gc          ] GC(1) Pause Young (Concurrent Start) (Metadata GC Threshold) 23M->10M(1024M) 4,172ms
[2025-11-26T12:31:08.027+0100][gc,cpu      ] GC(1) User=0,02s Sys=0,04s Real=0,00s
[2025-11-26T12:31:08.027+0100][gc          ] GC(2) Concurrent Mark Cycle
[2025-11-26T12:31:08.027+0100][gc,marking  ] GC(2) Concurrent Scan Root Regions
[2025-11-26T12:31:08.028+0100][gc,marking  ] GC(2) Concurrent Scan Root Regions 1,590ms
[2025-11-26T12:31:08.028+0100][gc,marking  ] GC(2) Concurrent Mark
[2025-11-26T12:31:08.028+0100][gc,marking  ] GC(2) Concurrent Mark From Roots
[2025-11-26T12:31:08.028+0100][gc,task     ] GC(2) Using 4 workers of 4 for marking
[2025-11-26T12:31:08.030+0100][gc,marking  ] GC(2) Concurrent Mark From Roots 1,921ms
[2025-11-26T12:31:08.030+0100][gc,marking  ] GC(2) Concurrent Preclean
[2025-11-26T12:31:08.030+0100][gc,marking  ] GC(2) Concurrent Preclean 0,015ms
[2025-11-26T12:31:08.032+0100][gc,start    ] GC(2) Pause Remark
[2025-11-26T12:31:08.033+0100][gc          ] GC(2) Pause Remark 11M->11M(1024M) 1,075ms
[2025-11-26T12:31:08.033+0100][gc,cpu      ] GC(2) User=0,00s Sys=0,00s Real=0,00s
[2025-11-26T12:31:08.033+0100][gc,marking  ] GC(2) Concurrent Mark 5,218ms
[2025-11-26T12:31:08.033+0100][gc,marking  ] GC(2) Concurrent Rebuild Remembered Sets and Scrub Regions
[2025-11-26T12:31:08.034+0100][gc,marking  ] GC(2) Concurrent Rebuild Remembered Sets and Scrub Regions 0,881ms
[2025-11-26T12:31:08.034+0100][gc,start    ] GC(2) Pause Cleanup
[2025-11-26T12:31:08.035+0100][gc          ] GC(2) Pause Cleanup 11M->11M(1024M) 0,125ms
[2025-11-26T12:31:08.035+0100][gc,cpu      ] GC(2) User=0,00s Sys=0,00s Real=0,00s
[2025-11-26T12:31:08.035+0100][gc,marking  ] GC(2) Concurrent Clear Claimed Marks
[2025-11-26T12:31:08.035+0100][gc,marking  ] GC(2) Concurrent Clear Claimed Marks 0,011ms
[2025-11-26T12:31:08.035+0100][gc,marking  ] GC(2) Concurrent Cleanup for Next Mark
[2025-11-26T12:31:08.035+0100][gc,marking  ] GC(2) Concurrent Cleanup for Next Mark 0,782ms
[2025-11-26T12:31:08.035+0100][gc          ] GC(2) Concurrent Mark Cycle 8,888ms
[2025-11-26T12:31:08.347+0100][gc,start    ] GC(3) Pause Young (Prepare Mixed) (G1 Evacuation Pause)
[2025-11-26T12:31:08.347+0100][gc,task     ] GC(3) Using 15 workers of 15 for evacuation
[2025-11-26T12:31:08.348+0100][gc,phases   ] GC(3)   Pre Evacuate Collection Set: 0,08ms
[2025-11-26T12:31:08.348+0100][gc,phases   ] GC(3)   Merge Heap Roots: 0,03ms
[2025-11-26T12:31:08.348+0100][gc,phases   ] GC(3)   Evacuate Collection Set: 1,13ms
[2025-11-26T12:31:08.348+0100][gc,phases   ] GC(3)   Post Evacuate Collection Set: 0,19ms
[2025-11-26T12:31:08.348+0100][gc,phases   ] GC(3)   Other: 0,04ms
[2025-11-26T12:31:08.348+0100][gc,heap     ] GC(3) Eden regions: 49->0(44)
[2025-11-26T12:31:08.348+0100][gc,heap     ] GC(3) Survivor regions: 2->7(7)
[2025-11-26T12:31:08.348+0100][gc,heap     ] GC(3) Old regions: 11->11
[2025-11-26T12:31:08.348+0100][gc,heap     ] GC(3) Humongous regions: 129->129
[2025-11-26T12:31:08.348+0100][gc,metaspace] GC(3) Metaspace: 32983K(33280K)->32983K(33280K) NonClass: 29408K(29568K)->29408K(29568K) Class: 3575K(3712K)->3575K(3712K)
[2025-11-26T12:31:08.348+0100][gc          ] GC(3) Pause Young (Prepare Mixed) (G1 Evacuation Pause) 188M->145M(1024M) 1,584ms
[2025-11-26T12:31:08.348+0100][gc,cpu      ] GC(3) User=0,01s Sys=0,00s Real=0,00s
[2025-11-26T12:31:08.394+0100][gc,start    ] GC(4) Pause Young (Mixed) (Metadata GC Threshold)
[2025-11-26T12:31:08.394+0100][gc,task     ] GC(4) Using 15 workers of 15 for evacuation
[2025-11-26T12:31:08.397+0100][gc,phases   ] GC(4)   Pre Evacuate Collection Set: 0,10ms
[2025-11-26T12:31:08.397+0100][gc,phases   ] GC(4)   Merge Heap Roots: 0,02ms
[2025-11-26T12:31:08.397+0100][gc,phases   ] GC(4)   Evacuate Collection Set: 2,49ms
[2025-11-26T12:31:08.397+0100][gc,phases   ] GC(4)   Post Evacuate Collection Set: 0,16ms
[2025-11-26T12:31:08.397+0100][gc,phases   ] GC(4)   Other: 0,03ms
[2025-11-26T12:31:08.397+0100][gc,heap     ] GC(4) Eden regions: 12->0(49)
[2025-11-26T12:31:08.397+0100][gc,heap     ] GC(4) Survivor regions: 7->2(7)
[2025-11-26T12:31:08.397+0100][gc,heap     ] GC(4) Old regions: 11->16
[2025-11-26T12:31:08.397+0100][gc,heap     ] GC(4) Humongous regions: 129->129
[2025-11-26T12:31:08.397+0100][gc,metaspace] GC(4) Metaspace: 35893K(36160K)->35893K(36160K) NonClass: 31991K(32128K)->31991K(32128K) Class: 3902K(4032K)->3902K(4032K)
[2025-11-26T12:31:08.397+0100][gc          ] GC(4) Pause Young (Mixed) (Metadata GC Threshold) 156M->145M(1024M) 2,902ms
[2025-11-26T12:31:08.397+0100][gc,cpu      ] GC(4) User=0,02s Sys=0,02s Real=0,00s
[2025-11-26T12:31:08.403+0100][gc,start    ] GC(5) Pause Young (Concurrent Start) (Metadata GC Threshold)
[2025-11-26T12:31:08.403+0100][gc,task     ] GC(5) Using 15 workers of 15 for evacuation
[2025-11-26T12:31:08.403+0100][gc,phases   ] GC(5)   Pre Evacuate Collection Set: 0,12ms
[2025-11-26T12:31:08.404+0100][gc,phases   ] GC(5)   Merge Heap Roots: 0,04ms
[2025-11-26T12:31:08.404+0100][gc,phases   ] GC(5)   Evacuate Collection Set: 0,42ms
[2025-11-26T12:31:08.404+0100][gc,phases   ] GC(5)   Post Evacuate Collection Set: 0,15ms
[2025-11-26T12:31:08.404+0100][gc,phases   ] GC(5)   Other: 0,04ms
[2025-11-26T12:31:08.404+0100][gc,heap     ] GC(5) Eden regions: 2->0(50)
[2025-11-26T12:31:08.404+0100][gc,heap     ] GC(5) Survivor regions: 2->1(7)
[2025-11-26T12:31:08.404+0100][gc,heap     ] GC(5) Old regions: 16->16
[2025-11-26T12:31:08.404+0100][gc,heap     ] GC(5) Humongous regions: 129->129
[2025-11-26T12:31:08.404+0100][gc,metaspace] GC(5) Metaspace: 36264K(36480K)->36264K(36480K) NonClass: 32314K(32448K)->32314K(32448K) Class: 3949K(4032K)->3949K(4032K)
[2025-11-26T12:31:08.404+0100][gc          ] GC(5) Pause Young (Concurrent Start) (Metadata GC Threshold) 147M->145M(1024M) 0,896ms
[2025-11-26T12:31:08.404+0100][gc          ] GC(6) Concurrent Mark Cycle
[2025-11-26T12:31:08.404+0100][gc,marking  ] GC(6) Concurrent Scan Root Regions
[2025-11-26T12:31:08.404+0100][gc,cpu      ] GC(5) User=0,00s Sys=0,00s Real=0,00s
[2025-11-26T12:31:08.405+0100][gc,marking  ] GC(6) Concurrent Scan Root Regions 0,917ms
[2025-11-26T12:31:08.405+0100][gc,marking  ] GC(6) Concurrent Mark
[2025-11-26T12:31:08.405+0100][gc,marking  ] GC(6) Concurrent Mark From Roots
[2025-11-26T12:31:08.405+0100][gc,task     ] GC(6) Using 4 workers of 4 for marking
[2025-11-26T12:31:08.409+0100][gc,marking  ] GC(6) Concurrent Mark From Roots 4,285ms
[2025-11-26T12:31:08.409+0100][gc,marking  ] GC(6) Concurrent Preclean
[2025-11-26T12:31:08.409+0100][gc,marking  ] GC(6) Concurrent Preclean 0,039ms
[2025-11-26T12:31:08.409+0100][gc,start    ] GC(6) Pause Remark
[2025-11-26T12:31:08.410+0100][gc          ] GC(6) Pause Remark 146M->146M(1024M) 0,718ms
[2025-11-26T12:31:08.410+0100][gc,cpu      ] GC(6) User=0,01s Sys=0,00s Real=0,00s
[2025-11-26T12:31:08.410+0100][gc,marking  ] GC(6) Concurrent Mark 5,233ms
[2025-11-26T12:31:08.410+0100][gc,marking  ] GC(6) Concurrent Rebuild Remembered Sets and Scrub Regions
[2025-11-26T12:31:08.412+0100][gc,marking  ] GC(6) Concurrent Rebuild Remembered Sets and Scrub Regions 2,496ms
[2025-11-26T12:31:08.412+0100][gc,start    ] GC(6) Pause Cleanup
[2025-11-26T12:31:08.413+0100][gc          ] GC(6) Pause Cleanup 146M->146M(1024M) 0,134ms
[2025-11-26T12:31:08.413+0100][gc,cpu      ] GC(6) User=0,00s Sys=0,00s Real=0,00s
[2025-11-26T12:31:08.413+0100][gc,marking  ] GC(6) Concurrent Clear Claimed Marks
[2025-11-26T12:31:08.413+0100][gc,marking  ] GC(6) Concurrent Clear Claimed Marks 0,020ms
[2025-11-26T12:31:08.413+0100][gc,marking  ] GC(6) Concurrent Cleanup for Next Mark
[2025-11-26T12:31:08.413+0100][gc,marking  ] GC(6) Concurrent Cleanup for Next Mark 0,426ms
[2025-11-26T12:31:08.413+0100][gc          ] GC(6) Concurrent Mark Cycle 9,403ms
[2025-11-26T12:33:52.684+0100][gc,start    ] GC(7) Pause Young (Prepare Mixed) (G1 Evacuation Pause)
[2025-11-26T12:33:52.684+0100][gc,task     ] GC(7) Using 15 workers of 15 for evacuation
[2025-11-26T12:33:52.690+0100][gc,phases   ] GC(7)   Pre Evacuate Collection Set: 0,63ms
[2025-11-26T12:33:52.690+0100][gc,phases   ] GC(7)   Merge Heap Roots: 0,23ms
[2025-11-26T12:33:52.690+0100][gc,phases   ] GC(7)   Evacuate Collection Set: 3,40ms
[2025-11-26T12:33:52.690+0100][gc,phases   ] GC(7)   Post Evacuate Collection Set: 1,15ms
[2025-11-26T12:33:52.690+0100][gc,phases   ] GC(7)   Other: 0,36ms
[2025-11-26T12:33:52.690+0100][gc,heap     ] GC(7) Eden regions: 50->0(46)
[2025-11-26T12:33:52.690+0100][gc,heap     ] GC(7) Survivor regions: 1->5(7)
[2025-11-26T12:33:52.690+0100][gc,heap     ] GC(7) Old regions: 16->16
[2025-11-26T12:33:52.690+0100][gc,heap     ] GC(7) Humongous regions: 129->129
[2025-11-26T12:33:52.690+0100][gc,metaspace] GC(7) Metaspace: 44064K(44672K)->44064K(44672K) NonClass: 38877K(39232K)->38877K(39232K) Class: 5186K(5440K)->5186K(5440K)
[2025-11-26T12:33:52.690+0100][gc          ] GC(7) Pause Young (Prepare Mixed) (G1 Evacuation Pause) 195M->149M(1024M) 6,221ms
[2025-11-26T12:33:52.690+0100][gc,cpu      ] GC(7) User=0,05s Sys=0,01s Real=0,01s
[2025-11-26T12:46:27.684+0100][gc,start    ] GC(8) Pause Young (Mixed) (G1 Evacuation Pause)
[2025-11-26T12:46:27.684+0100][gc,task     ] GC(8) Using 15 workers of 15 for evacuation
[2025-11-26T12:46:27.691+0100][gc,phases   ] GC(8)   Pre Evacuate Collection Set: 0,51ms
[2025-11-26T12:46:27.691+0100][gc,phases   ] GC(8)   Merge Heap Roots: 0,22ms
[2025-11-26T12:46:27.692+0100][gc,phases   ] GC(8)   Evacuate Collection Set: 5,47ms
[2025-11-26T12:46:27.692+0100][gc,phases   ] GC(8)   Post Evacuate Collection Set: 1,07ms
[2025-11-26T12:46:27.692+0100][gc,phases   ] GC(8)   Other: 0,12ms
[2025-11-26T12:46:27.692+0100][gc,heap     ] GC(8) Eden regions: 46->0(44)
[2025-11-26T12:46:27.692+0100][gc,heap     ] GC(8) Survivor regions: 5->7(7)
[2025-11-26T12:46:27.692+0100][gc,heap     ] GC(8) Old regions: 16->17
[2025-11-26T12:46:27.692+0100][gc,heap     ] GC(8) Humongous regions: 129->129
[2025-11-26T12:46:27.692+0100][gc,metaspace] GC(8) Metaspace: 44889K(45504K)->44889K(45504K) NonClass: 39677K(40064K)->39677K(40064K) Class: 5212K(5440K)->5212K(5440K)
[2025-11-26T12:46:27.692+0100][gc          ] GC(8) Pause Young (Mixed) (G1 Evacuation Pause) 195M->151M(1024M) 7,710ms
[2025-11-26T12:46:27.692+0100][gc,cpu      ] GC(8) User=0,07s Sys=0,02s Real=0,01s
[2025-11-26T12:59:59.974+0100][gc,start    ] GC(9) Pause Young (Normal) (G1 Evacuation Pause)
[2025-11-26T12:59:59.974+0100][gc,task     ] GC(9) Using 15 workers of 15 for evacuation
[2025-11-26T12:59:59.980+0100][gc,phases   ] GC(9)   Pre Evacuate Collection Set: 0,57ms
[2025-11-26T12:59:59.981+0100][gc,phases   ] GC(9)   Merge Heap Roots: 0,20ms
[2025-11-26T12:59:59.981+0100][gc,phases   ] GC(9)   Evacuate Collection Set: 4,52ms
[2025-11-26T12:59:59.981+0100][gc,phases   ] GC(9)   Post Evacuate Collection Set: 0,71ms
[2025-11-26T12:59:59.981+0100][gc,phases   ] GC(9)   Other: 0,11ms
[2025-11-26T12:59:59.981+0100][gc,heap     ] GC(9) Eden regions: 44->0(48)
[2025-11-26T12:59:59.981+0100][gc,heap     ] GC(9) Survivor regions: 7->3(7)
[2025-11-26T12:59:59.981+0100][gc,heap     ] GC(9) Old regions: 17->20
[2025-11-26T12:59:59.981+0100][gc,heap     ] GC(9) Humongous regions: 129->129
[2025-11-26T12:59:59.981+0100][gc,metaspace] GC(9) Metaspace: 44998K(45568K)->44998K(45568K) NonClass: 39786K(40128K)->39786K(40128K) Class: 5212K(5440K)->5212K(5440K)
[2025-11-26T12:59:59.981+0100][gc          ] GC(9) Pause Young (Normal) (G1 Evacuation Pause) 195M->151M(1024M) 6,414ms
[2025-11-26T12:59:59.981+0100][gc,cpu      ] GC(9) User=0,06s Sys=0,02s Real=0,01s
[2025-11-26T13:02:02.643+0100][gc,heap,exit] Heap
[2025-11-26T13:02:02.643+0100][gc,heap,exit]  garbage-first heap   total 1048576K, used 172117K [0x00000000c0000000, 0x0000000100000000)
[2025-11-26T13:02:02.643+0100][gc,heap,exit]   region size 1024K, 20 young (20480K), 3 survivors (3072K)
[2025-11-26T13:02:02.643+0100][gc,heap,exit]  Metaspace       used 45965K, committed 46528K, reserved 1114112K
[2025-11-26T13:02:02.643+0100][gc,heap,exit]   class space    used 5407K, committed 5632K, reserved 1048576K
