[2025-11-26T21:58:51.254+0100][gc,init] CardTable entry size: 512
[2025-11-26T21:58:51.255+0100][gc     ] Using G1
[2025-11-26T21:58:51.260+0100][gc,init] Version: 21.0.9+10 (release)
[2025-11-26T21:58:51.260+0100][gc,init] CPUs: 20 total, 20 available
[2025-11-26T21:58:51.260+0100][gc,init] Memory: 31706M
[2025-11-26T21:58:51.260+0100][gc,init] Large Page Support: Disabled
[2025-11-26T21:58:51.260+0100][gc,init] NUMA Support: Disabled
[2025-11-26T21:58:51.260+0100][gc,init] Compressed Oops: Enabled (32-bit)
[2025-11-26T21:58:51.260+0100][gc,init] Heap Region Size: 1M
[2025-11-26T21:58:51.260+0100][gc,init] Heap Min Capacity: 512M
[2025-11-26T21:58:51.260+0100][gc,init] Heap Initial Capacity: 512M
[2025-11-26T21:58:51.260+0100][gc,init] Heap Max Capacity: 512M
[2025-11-26T21:58:51.260+0100][gc,init] Pre-touch: Disabled
[2025-11-26T21:58:51.260+0100][gc,init] Parallel Workers: 15
[2025-11-26T21:58:51.260+0100][gc,init] Concurrent Workers: 4
[2025-11-26T21:58:51.260+0100][gc,init] Concurrent Refinement Workers: 15
[2025-11-26T21:58:51.260+0100][gc,init] Periodic GC: Disabled
[2025-11-26T21:58:51.269+0100][gc,metaspace] CDS archive(s) mapped at: [0x00007ff06f000000-0x00007ff06fca0000-0x00007ff06fca0000), size 13238272, SharedBaseAddress: 0x00007ff06f000000, ArchiveRelocationMode: 1.
[2025-11-26T21:58:51.269+0100][gc,metaspace] Compressed class space mapped at: 0x00007ff070000000-0x00007ff0b0000000, reserved size: 1073741824
[2025-11-26T21:58:51.269+0100][gc,metaspace] Narrow klass base: 0x00007ff06f000000, Narrow klass shift: 0, Narrow klass range: 0x100000000
[2025-11-26T21:58:51.510+0100][gc,start    ] GC(0) Pause Young (Normal) (G1 Evacuation Pause)
[2025-11-26T21:58:51.511+0100][gc,task     ] GC(0) Using 12 workers of 15 for evacuation
[2025-11-26T21:58:51.514+0100][gc,phases   ] GC(0)   Pre Evacuate Collection Set: 0,14ms
[2025-11-26T21:58:51.514+0100][gc,phases   ] GC(0)   Merge Heap Roots: 0,03ms
[2025-11-26T21:58:51.514+0100][gc,phases   ] GC(0)   Evacuate Collection Set: 2,34ms
[2025-11-26T21:58:51.514+0100][gc,phases   ] GC(0)   Post Evacuate Collection Set: 0,39ms
[2025-11-26T21:58:51.514+0100][gc,phases   ] GC(0)   Other: 0,75ms
[2025-11-26T21:58:51.514+0100][gc,heap     ] GC(0) Eden regions: 25->0(21)
[2025-11-26T21:58:51.514+0100][gc,heap     ] GC(0) Survivor regions: 0->4(4)
[2025-11-26T21:58:51.514+0100][gc,heap     ] GC(0) Old regions: 2->6
[2025-11-26T21:58:51.514+0100][gc,heap     ] GC(0) Humongous regions: 0->0
[2025-11-26T21:58:51.514+0100][gc,metaspace] GC(0) Metaspace: 7844K(8000K)->7844K(8000K) NonClass: 7024K(7104K)->7024K(7104K) Class: 820K(896K)->820K(896K)
[2025-11-26T21:58:51.514+0100][gc          ] GC(0) Pause Young (Normal) (G1 Evacuation Pause) 26M->8M(512M) 3,876ms
[2025-11-26T21:58:51.514+0100][gc,cpu      ] GC(0) User=0,02s Sys=0,02s Real=0,00s
[2025-11-26T21:58:55.742+0100][gc,heap,exit] Heap
[2025-11-26T21:58:55.742+0100][gc,heap,exit]  garbage-first heap   total 524288K, used 14243K [0x00000000e0000000, 0x0000000100000000)
[2025-11-26T21:58:55.742+0100][gc,heap,exit]   region size 1024K, 9 young (9216K), 4 survivors (4096K)
[2025-11-26T21:58:55.742+0100][gc,heap,exit]  Metaspace       used 8642K, committed 8896K, reserved 1114112K
[2025-11-26T21:58:55.742+0100][gc,heap,exit]   class space    used 912K, committed 1024K, reserved 1048576K
