[2025-11-26T18:06:34.306+0100][gc,init] CardTable entry size: 512
[2025-11-26T18:06:34.307+0100][gc     ] Using G1
[2025-11-26T18:06:34.310+0100][gc,init] Version: 21.0.9+10 (release)
[2025-11-26T18:06:34.310+0100][gc,init] CPUs: 20 total, 20 available
[2025-11-26T18:06:34.310+0100][gc,init] Memory: 31706M
[2025-11-26T18:06:34.310+0100][gc,init] Large Page Support: Disabled
[2025-11-26T18:06:34.310+0100][gc,init] NUMA Support: Disabled
[2025-11-26T18:06:34.310+0100][gc,init] Compressed Oops: Enabled (32-bit)
[2025-11-26T18:06:34.310+0100][gc,init] Heap Region Size: 1M
[2025-11-26T18:06:34.310+0100][gc,init] Heap Min Capacity: 512M
[2025-11-26T18:06:34.310+0100][gc,init] Heap Initial Capacity: 512M
[2025-11-26T18:06:34.310+0100][gc,init] Heap Max Capacity: 512M
[2025-11-26T18:06:34.310+0100][gc,init] Pre-touch: Disabled
[2025-11-26T18:06:34.310+0100][gc,init] Parallel Workers: 15
[2025-11-26T18:06:34.310+0100][gc,init] Concurrent Workers: 4
[2025-11-26T18:06:34.310+0100][gc,init] Concurrent Refinement Workers: 15
[2025-11-26T18:06:34.310+0100][gc,init] Periodic GC: Disabled
[2025-11-26T18:06:34.318+0100][gc,metaspace] CDS archive(s) mapped at: [0x00007fc7c3000000-0x00007fc7c3ca0000-0x00007fc7c3ca0000), size 13238272, SharedBaseAddress: 0x00007fc7c3000000, ArchiveRelocationMode: 1.
[2025-11-26T18:06:34.318+0100][gc,metaspace] Compressed class space mapped at: 0x00007fc7c4000000-0x00007fc804000000, reserved size: 1073741824
[2025-11-26T18:06:34.318+0100][gc,metaspace] Narrow klass base: 0x00007fc7c3000000, Narrow klass shift: 0, Narrow klass range: 0x100000000
[2025-11-26T18:06:34.671+0100][gc,start    ] GC(0) Pause Young (Normal) (G1 Evacuation Pause)
[2025-11-26T18:06:34.672+0100][gc,task     ] GC(0) Using 12 workers of 15 for evacuation
[2025-11-26T18:06:34.676+0100][gc,phases   ] GC(0)   Pre Evacuate Collection Set: 0,12ms
[2025-11-26T18:06:34.676+0100][gc,phases   ] GC(0)   Merge Heap Roots: 0,04ms
[2025-11-26T18:06:34.676+0100][gc,phases   ] GC(0)   Evacuate Collection Set: 2,86ms
[2025-11-26T18:06:34.676+0100][gc,phases   ] GC(0)   Post Evacuate Collection Set: 0,55ms
[2025-11-26T18:06:34.676+0100][gc,phases   ] GC(0)   Other: 1,58ms
[2025-11-26T18:06:34.676+0100][gc,heap     ] GC(0) Eden regions: 25->0(21)
[2025-11-26T18:06:34.676+0100][gc,heap     ] GC(0) Survivor regions: 0->4(4)
[2025-11-26T18:06:34.676+0100][gc,heap     ] GC(0) Old regions: 2->7
[2025-11-26T18:06:34.676+0100][gc,heap     ] GC(0) Humongous regions: 0->0
[2025-11-26T18:06:34.676+0100][gc,metaspace] GC(0) Metaspace: 7854K(8000K)->7854K(8000K) NonClass: 7032K(7104K)->7032K(7104K) Class: 821K(896K)->821K(896K)
[2025-11-26T18:06:34.676+0100][gc          ] GC(0) Pause Young (Normal) (G1 Evacuation Pause) 26M->9M(512M) 5,420ms
[2025-11-26T18:06:34.677+0100][gc,cpu      ] GC(0) User=0,02s Sys=0,01s Real=0,00s
