[2025-11-26T21:56:21.459+0100][gc,init] CardTable entry size: 512
[2025-11-26T21:56:21.459+0100][gc     ] Using G1
[2025-11-26T21:56:21.464+0100][gc,init] Version: 21.0.9+10 (release)
[2025-11-26T21:56:21.464+0100][gc,init] CPUs: 20 total, 20 available
[2025-11-26T21:56:21.464+0100][gc,init] Memory: 31706M
[2025-11-26T21:56:21.464+0100][gc,init] Large Page Support: Disabled
[2025-11-26T21:56:21.464+0100][gc,init] NUMA Support: Disabled
[2025-11-26T21:56:21.464+0100][gc,init] Compressed Oops: Enabled (32-bit)
[2025-11-26T21:56:21.464+0100][gc,init] Heap Region Size: 1M
[2025-11-26T21:56:21.465+0100][gc,init] Heap Min Capacity: 512M
[2025-11-26T21:56:21.465+0100][gc,init] Heap Initial Capacity: 512M
[2025-11-26T21:56:21.465+0100][gc,init] Heap Max Capacity: 512M
[2025-11-26T21:56:21.465+0100][gc,init] Pre-touch: Disabled
[2025-11-26T21:56:21.465+0100][gc,init] Parallel Workers: 15
[2025-11-26T21:56:21.465+0100][gc,init] Concurrent Workers: 4
[2025-11-26T21:56:21.465+0100][gc,init] Concurrent Refinement Workers: 15
[2025-11-26T21:56:21.465+0100][gc,init] Periodic GC: Disabled
[2025-11-26T21:56:21.472+0100][gc,metaspace] CDS archive(s) mapped at: [0x00007fd32b000000-0x00007fd32bca0000-0x00007fd32bca0000), size 13238272, SharedBaseAddress: 0x00007fd32b000000, ArchiveRelocationMode: 1.
[2025-11-26T21:56:21.472+0100][gc,metaspace] Compressed class space mapped at: 0x00007fd32c000000-0x00007fd36c000000, reserved size: 1073741824
[2025-11-26T21:56:21.472+0100][gc,metaspace] Narrow klass base: 0x00007fd32b000000, Narrow klass shift: 0, Narrow klass range: 0x100000000
[2025-11-26T21:56:21.850+0100][gc,heap,exit] Heap
[2025-11-26T21:56:21.850+0100][gc,heap,exit]  garbage-first heap   total 524288K, used 22065K [0x00000000e0000000, 0x0000000100000000)
[2025-11-26T21:56:21.850+0100][gc,heap,exit]   region size 1024K, 21 young (21504K), 0 survivors (0K)
[2025-11-26T21:56:21.850+0100][gc,heap,exit]  Metaspace       used 6899K, committed 7104K, reserved 1114112K
[2025-11-26T21:56:21.850+0100][gc,heap,exit]   class space    used 717K, committed 832K, reserved 1048576K
